Found 1 test(s).
python : Creating test database for alias 'default'...
At line:1 char:1
+ python manage.py test places.tests.test_reviews.ReviewRatingTest.test ...
+ ~~~~~~~~~~~~~~~~~~~~~~~~~~~~~~~~~~~~~~~~~~~~~~~~~~~~~~~~~~~~~~~~~~~~~
    + CategoryInfo          : NotSpecified: (Creating test d...as 'default'...:String) [], Remote 
   Exception
    + FullyQualifiedErrorId : NativeCommandError
 

  -> Set 0 existing active establishments to 'approved' status
System check identified no issues (0 silenced).
E
======================================================================
ERROR: test_post_review (places.tests.test_reviews.ReviewRatingTest.test_post_review)
Test P1-18: Posting a review works.
----------------------------------------------------------------------
Traceback (most recent call last):
  File "C:\Users\Owner\Desktop\ibbb\ibb\places\tests\test_reviews.py", line 52, in 
test_post_review
    response = self.client.post(review_url, data, follow=True)
  File "C:\Users\Owner\Desktop\ibb\.venv\Lib\site-packages\django\test\client.py", line 948, in 
post
    response = super().post(
        path,
    ...<4 lines>...
        **extra,
    )
  File "C:\Users\Owner\Desktop\ibb\.venv\Lib\site-packages\django\test\client.py", line 482, in 
post
    return self.generic(
           ~~~~~~~~~~~~^
        "POST",
        ^^^^^^^
    ...<5 lines>...
        **extra,
        ^^^^^^^^
    )
    ^
  File "C:\Users\Owner\Desktop\ibb\.venv\Lib\site-packages\django\test\client.py", line 609, in 
generic
    return self.request(**r)
           ~~~~~~~~~~~~^^^^^
  File "C:\Users\Owner\Desktop\ibb\.venv\Lib\site-packages\django\test\client.py", line 886, in 
request
    response = self.handler(environ)
  File "C:\Users\Owner\Desktop\ibb\.venv\Lib\site-packages\django\test\client.py", line 163, in 
__call__
    self.load_middleware()
    ~~~~~~~~~~~~~~~~~~~~^^
  File "C:\Users\Owner\Desktop\ibb\.venv\Lib\site-packages\django\core\handlers\base.py", line 
40, in load_middleware
    middleware = import_string(middleware_path)
  File "C:\Users\Owner\Desktop\ibb\.venv\Lib\site-packages\django\utils\module_loading.py", line 
30, in import_string
    return cached_import(module_path, class_name)
  File "C:\Users\Owner\Desktop\ibb\.venv\Lib\site-packages\django\utils\module_loading.py", line 
15, in cached_import
    module = import_module(module_path)
  File "C:\Users\Owner\AppData\Local\Programs\Python\Python313\Lib\importlib\__init__.py", line 
88, in import_module
    return _bootstrap._gcd_import(name[level:], package, level)
           ~~~~~~~~~~~~~~~~~~~~~~^^^^^^^^^^^^^^^^^^^^^^^^^^^^^^
  File "<frozen importlib._bootstrap>", line 1387, in _gcd_import
  File "<frozen importlib._bootstrap>", line 1360, in _find_and_load
  File "<frozen importlib._bootstrap>", line 1331, in _find_and_load_unlocked
  File "<frozen importlib._bootstrap>", line 935, in _load_unlocked
  File "<frozen importlib._bootstrap_external>", line 1026, in exec_module
  File "<frozen importlib._bootstrap>", line 488, in _call_with_frames_removed
  File "C:\Users\Owner\Desktop\ibbb\ibb\ibb_guide\middleware.py", line 6, in <module>
    from django.http import Http404, HttpResponseRedirectBase
ImportError: cannot import name 'HttpResponseRedirectBase' from 'django.http' 
(C:\Users\Owner\Desktop\ibb\.venv\Lib\site-packages\django\http\__init__.py)

----------------------------------------------------------------------
Ran 1 test in 1.207s

FAILED (errors=1)
Destroying test database for alias 'default'...

